{
   "blockdevices": [
      {
         "name": "sda",
         "path": "/dev/sda",
         "type": "disk",
         "size": 137438953472,
         "fstype": null,
         "mountpoints": [],
         "model": "Virtual Disk",
         "serial": "60022480658fae6a00e02ea9ca4d0955",
         "ro": false,
         "rm": false,
         "pkname": null,
         "maj:min": "8:0"
      },{
         "name": "sda1",
         "path": "/dev/sda1",
         "type": "part",
         "size": 1127219200,
         "fstype": "vfat",
         "mountpoints": [
             "/boot/efi"
         ],
         "model": null,
         "serial": null,
         "ro": false,
         "rm": false,
         "pkname": "sda",
         "maj:min": "8:1"
      },{
         "name": "sda2",
         "path": "/dev/sda2",
         "type": "part",
         "size": 136309637120,
         "fstype": "ext4",
         "mountpoints": [
             "/"
         ],
         "model": null,
         "serial": null,
         "ro": false,
         "rm": false,
         "pkname": "sda",
         "maj:min": "8:2"
      }
   ]
}
